#-----------------------------------------------------------
# Vivado v2016.1 (64-bit)
# SW Build 1538259 on Fri Apr  8 15:45:27 MDT 2016
# IP Build 1537824 on Fri Apr  8 04:28:57 MDT 2016
# Start of session at: Tue Nov 15 10:49:15 2016
# Process ID: 4328
# Current directory: C:/Users/david.DESKTOP-GFO7C5Q/Dropbox/TestBed David Arevalo/Campo Sonoro/FXLMS/VHDL/Pruebas FPGA/FxLMS_18M_V4
# Command line: vivado.exe -gui_launcher_event rodinguilauncherevent10468 C:\Users\david.DESKTOP-GFO7C5Q\Dropbox\TestBed David Arevalo\Campo Sonoro\FXLMS\VHDL\Pruebas FPGA\FxLMS_18M_V4\FxLMS_18M_V1.xpr
# Log file: C:/Users/david.DESKTOP-GFO7C5Q/Dropbox/TestBed David Arevalo/Campo Sonoro/FXLMS/VHDL/Pruebas FPGA/FxLMS_18M_V4/vivado.log
# Journal file: C:/Users/david.DESKTOP-GFO7C5Q/Dropbox/TestBed David Arevalo/Campo Sonoro/FXLMS/VHDL/Pruebas FPGA/FxLMS_18M_V4\vivado.jou
#-----------------------------------------------------------
start_gui
open_project {C:/Users/david.DESKTOP-GFO7C5Q/Dropbox/TestBed David Arevalo/Campo Sonoro/FXLMS/VHDL/Pruebas FPGA/FxLMS_18M_V4/FxLMS_18M_V1.xpr}
update_compile_order -fileset sources_1
