Duplicated file found; will not be sent for synthesis: c:/Users/david.DESKTOP-GFO7C5Q/Documents/FxLMS_18M_V3/FxLMS_18M_V1.srcs/sources_1/ip/S2_ROM_17X400/blk_mem_gen_v8_3_2/hdl/blk_mem_gen_v8_3_vhsyn_rfs.vhd
Duplicated file found; will not be sent for synthesis: c:/Users/david.DESKTOP-GFO7C5Q/Documents/FxLMS_18M_V3/FxLMS_18M_V1.srcs/sources_1/ip/S2_ROM_17X400/blk_mem_gen_v8_3_2/hdl/blk_mem_gen_v8_3.vhd
Duplicated file found; will not be sent for synthesis: c:/Users/david.DESKTOP-GFO7C5Q/Documents/FxLMS_18M_V3/FxLMS_18M_V1.srcs/sources_1/ip/S1_ROM_17X400/blk_mem_gen_v8_3_2/hdl/blk_mem_gen_v8_3_vhsyn_rfs.vhd
Duplicated file found; will not be sent for synthesis: c:/Users/david.DESKTOP-GFO7C5Q/Documents/FxLMS_18M_V3/FxLMS_18M_V1.srcs/sources_1/ip/S1_ROM_17X400/blk_mem_gen_v8_3_2/hdl/blk_mem_gen_v8_3.vhd
Duplicated file found; will not be sent for synthesis: c:/Users/david.DESKTOP-GFO7C5Q/Documents/FxLMS_18M_V3/FxLMS_18M_V1.srcs/sources_1/ip/RAM_44X400_WF/blk_mem_gen_v8_3_2/hdl/blk_mem_gen_v8_3_vhsyn_rfs.vhd
Duplicated file found; will not be sent for synthesis: c:/Users/david.DESKTOP-GFO7C5Q/Documents/FxLMS_18M_V3/FxLMS_18M_V1.srcs/sources_1/ip/RAM_44X400_WF/blk_mem_gen_v8_3_2/hdl/blk_mem_gen_v8_3.vhd
Duplicated file found; will not be sent for synthesis: c:/Users/david.DESKTOP-GFO7C5Q/Documents/FxLMS_18M_V3/FxLMS_18M_V1.srcs/sources_1/ip/RAM_25X400_DP/blk_mem_gen_v8_3_2/hdl/blk_mem_gen_v8_3_vhsyn_rfs.vhd
Duplicated file found; will not be sent for synthesis: c:/Users/david.DESKTOP-GFO7C5Q/Documents/FxLMS_18M_V3/FxLMS_18M_V1.srcs/sources_1/ip/RAM_25X400_DP/blk_mem_gen_v8_3_2/hdl/blk_mem_gen_v8_3.vhd
Duplicated file found; will not be sent for synthesis: c:/Users/david.DESKTOP-GFO7C5Q/Documents/FxLMS_18M_V3/FxLMS_18M_V1.srcs/sources_1/ip/RAM_16X400_WF/blk_mem_gen_v8_3_2/hdl/blk_mem_gen_v8_3_vhsyn_rfs.vhd
Duplicated file found; will not be sent for synthesis: c:/Users/david.DESKTOP-GFO7C5Q/Documents/FxLMS_18M_V3/FxLMS_18M_V1.srcs/sources_1/ip/RAM_16X400_WF/blk_mem_gen_v8_3_2/hdl/blk_mem_gen_v8_3.vhd
Duplicated file found; will not be sent for synthesis: c:/Users/david.DESKTOP-GFO7C5Q/Documents/FxLMS_18M_V3/FxLMS_18M_V1.srcs/sources_1/ip/MACC_FILTER/xbip_utils_v3_0_6/hdl/xbip_utils_v3_0_vh_rfs.vhd
Duplicated file found; will not be sent for synthesis: c:/Users/david.DESKTOP-GFO7C5Q/Documents/FxLMS_18M_V3/FxLMS_18M_V1.srcs/sources_1/ip/MACC_FILTER/xbip_pipe_v3_0_2/hdl/xbip_pipe_v3_0_vh_rfs.vhd
Duplicated file found; will not be sent for synthesis: c:/Users/david.DESKTOP-GFO7C5Q/Documents/FxLMS_18M_V3/FxLMS_18M_V1.srcs/sources_1/ip/MACC_FILTER/xbip_pipe_v3_0_2/hdl/xbip_pipe_v3_0.vhd
Duplicated file found; will not be sent for synthesis: c:/Users/david.DESKTOP-GFO7C5Q/Documents/FxLMS_18M_V3/FxLMS_18M_V1.srcs/sources_1/ip/MACC/xbip_dsp48_wrapper_v3_0_4/hdl/xbip_dsp48_wrapper_v3_0_vh_rfs.vhd
Duplicated file found; will not be sent for synthesis: c:/Users/david.DESKTOP-GFO7C5Q/Documents/FxLMS_18M_V3/FxLMS_18M_V1.srcs/sources_1/ip/MACC/xbip_utils_v3_0_6/hdl/xbip_utils_v3_0_vh_rfs.vhd
Duplicated file found; will not be sent for synthesis: c:/Users/david.DESKTOP-GFO7C5Q/Documents/FxLMS_18M_V3/FxLMS_18M_V1.srcs/sources_1/ip/MACC/xbip_pipe_v3_0_2/hdl/xbip_pipe_v3_0_vh_rfs.vhd
Duplicated file found; will not be sent for synthesis: c:/Users/david.DESKTOP-GFO7C5Q/Documents/FxLMS_18M_V3/FxLMS_18M_V1.srcs/sources_1/ip/MACC/xbip_pipe_v3_0_2/hdl/xbip_pipe_v3_0.vhd
Duplicated file found; will not be sent for synthesis: c:/Users/david.DESKTOP-GFO7C5Q/Documents/FxLMS_18M_V3/FxLMS_18M_V1.srcs/sources_1/ip/MACC/xbip_dsp48_macro_v3_0_12/hdl/xbip_dsp48_macro_v3_0_vh_rfs.vhd
Duplicated file found; will not be sent for synthesis: c:/Users/david.DESKTOP-GFO7C5Q/Documents/FxLMS_18M_V3/FxLMS_18M_V1.srcs/sources_1/ip/MACC/xbip_dsp48_macro_v3_0_12/hdl/xbip_dsp48_macro_v3_0.vhd
Duplicated file found; will not be sent for synthesis: c:/Users/david.DESKTOP-GFO7C5Q/Documents/FxLMS_18M_V3/FxLMS_18M_V1.srcs/sources_1/ip/ADD_SUB/xbip_utils_v3_0_6/hdl/xbip_utils_v3_0_vh_rfs.vhd
Duplicated file found; will not be sent for synthesis: c:/Users/david.DESKTOP-GFO7C5Q/Documents/FxLMS_18M_V3/FxLMS_18M_V1.srcs/sources_1/ip/ADD_SUB/xbip_dsp48_wrapper_v3_0_4/hdl/xbip_dsp48_wrapper_v3_0_vh_rfs.vhd
Duplicated file found; will not be sent for synthesis: c:/Users/david.DESKTOP-GFO7C5Q/Documents/FxLMS_18M_V3/FxLMS_18M_V1.srcs/sources_1/ip/ADD_SUB/xbip_pipe_v3_0_2/hdl/xbip_pipe_v3_0_vh_rfs.vhd
Duplicated file found; will not be sent for synthesis: c:/Users/david.DESKTOP-GFO7C5Q/Documents/FxLMS_18M_V3/FxLMS_18M_V1.srcs/sources_1/ip/ADD_SUB/xbip_pipe_v3_0_2/hdl/xbip_pipe_v3_0.vhd
Duplicated file found; will not be sent for synthesis: c:/Users/david.DESKTOP-GFO7C5Q/Documents/FxLMS_18M_V3/FxLMS_18M_V1.srcs/sources_1/ip/ROM_X/blk_mem_gen_v8_3_2/hdl/blk_mem_gen_v8_3_vhsyn_rfs.vhd
Duplicated file found; will not be sent for synthesis: c:/Users/david.DESKTOP-GFO7C5Q/Documents/FxLMS_18M_V3/FxLMS_18M_V1.srcs/sources_1/ip/ROM_X/blk_mem_gen_v8_3_2/hdl/blk_mem_gen_v8_3.vhd
Duplicated file found; will not be sent for synthesis: c:/Users/david.DESKTOP-GFO7C5Q/Documents/FxLMS_18M_V3/FxLMS_18M_V1.srcs/sources_1/ip/ROM_ERROR1/blk_mem_gen_v8_3_2/hdl/blk_mem_gen_v8_3_vhsyn_rfs.vhd
Duplicated file found; will not be sent for synthesis: c:/Users/david.DESKTOP-GFO7C5Q/Documents/FxLMS_18M_V3/FxLMS_18M_V1.srcs/sources_1/ip/ROM_ERROR1/blk_mem_gen_v8_3_2/hdl/blk_mem_gen_v8_3.vhd
Duplicated file found; will not be sent for synthesis: c:/Users/david.DESKTOP-GFO7C5Q/Documents/FxLMS_18M_V3/FxLMS_18M_V1.srcs/sources_1/ip/ROM_ERROR2/blk_mem_gen_v8_3_2/hdl/blk_mem_gen_v8_3_vhsyn_rfs.vhd
Duplicated file found; will not be sent for synthesis: c:/Users/david.DESKTOP-GFO7C5Q/Documents/FxLMS_18M_V3/FxLMS_18M_V1.srcs/sources_1/ip/ROM_ERROR2/blk_mem_gen_v8_3_2/hdl/blk_mem_gen_v8_3.vhd
CRC performance measure: elapsed=00:00:19s;;memory_peak=234.281MB;;memory_gain=0.023MB
